<testsuites id="" name="" tests="30" failures="0" skipped="0" errors="0" time="7.798">
<testsuite name="APITests\CartTest\cart.test.ts" timestamp="1689762199114" hostname="" tests="8" failures="0" skipped="0" time="5.289" errors="0">
<testcase name="Add to cart" classname="APITests\CartTest\cart.test.ts:8:1 › Add to cart" time="0.545">
</testcase>
<testcase name="Update a product" classname="APITests\CartTest\cart.test.ts:30:4 › Update a product" time="0.521">
</testcase>
<testcase name="Delete a product" classname="APITests\CartTest\cart.test.ts:52:4 › Delete a product" time="0.973">
</testcase>
<testcase name="Get a single product" classname="APITests\CartTest\cart.test.ts:70:4 › Get a single product" time="0.664">
<system-out>
<![CDATA[{
  id: 7,
  userId: 8,
  date: '2020-03-01T00:00:00.000Z',
  products: [ { productId: 18, quantity: 1 } ],
  __v: 0
}
[ 'id', 'userId', 'date', 'products', '__v' ]
]]>
</system-out>
</testcase>
<testcase name="Get all cart items" classname="APITests\CartTest\cart.test.ts:97:2 › Get all cart items" time="0.415">
</testcase>
<testcase name="Limit results" classname="APITests\CartTest\cart.test.ts:108:2 › Limit results" time="0.547">
<system-out>
<![CDATA[[
  {
    id: 1,
    userId: 1,
    date: '2020-03-02T00:00:00.000Z',
    products: [ [Object], [Object], [Object] ],
    __v: 0
  },
  {
    id: 2,
    userId: 1,
    date: '2020-01-02T00:00:00.000Z',
    products: [ [Object], [Object], [Object] ],
    __v: 0
  },
  {
    id: 3,
    userId: 2,
    date: '2020-03-01T00:00:00.000Z',
    products: [ [Object], [Object] ],
    __v: 0
  },
  {
    id: 4,
    userId: 3,
    date: '2020-01-01T00:00:00.000Z',
    products: [ [Object] ],
    __v: 0
  },
  {
    id: 5,
    userId: 3,
    date: '2020-03-01T00:00:00.000Z',
    products: [ [Object], [Object] ],
    __v: 0
  }
]
]]>
</system-out>
</testcase>
<testcase name="Get sort results" classname="APITests\CartTest\cart.test.ts:127:4 › Get sort results" time="0.576">
<system-out>
<![CDATA[[
  {
    id: 7,
    userId: 8,
    date: '2020-03-01T00:00:00.000Z',
    products: [ [Object] ],
    __v: 0
  },
  {
    id: 6,
    userId: 4,
    date: '2020-03-01T00:00:00.000Z',
    products: [ [Object], [Object] ],
    __v: 0
  },
  {
    id: 5,
    userId: 3,
    date: '2020-03-01T00:00:00.000Z',
    products: [ [Object], [Object] ],
    __v: 0
  },
  {
    id: 4,
    userId: 3,
    date: '2020-01-01T00:00:00.000Z',
    products: [ [Object] ],
    __v: 0
  },
  {
    id: 3,
    userId: 2,
    date: '2020-03-01T00:00:00.000Z',
    products: [ [Object], [Object] ],
    __v: 0
  },
  {
    id: 2,
    userId: 1,
    date: '2020-01-02T00:00:00.000Z',
    products: [ [Object], [Object], [Object] ],
    __v: 0
  },
  {
    id: 1,
    userId: 1,
    date: '2020-03-02T00:00:00.000Z',
    products: [ [Object], [Object], [Object] ],
    __v: 0
  }
]
]]>
</system-out>
</testcase>
<testcase name="Get in date range" classname="APITests\CartTest\cart.test.ts:153:4 › Get in date range" time="1.048">
<system-out>
<![CDATA[[
  {
    id: 1,
    userId: 1,
    date: '2020-03-02T00:00:00.000Z',
    products: [ [Object], [Object], [Object] ],
    __v: 0
  },
  {
    id: 2,
    userId: 1,
    date: '2020-01-02T00:00:00.000Z',
    products: [ [Object], [Object], [Object] ],
    __v: 0
  },
  {
    id: 3,
    userId: 2,
    date: '2020-03-01T00:00:00.000Z',
    products: [ [Object], [Object] ],
    __v: 0
  },
  {
    id: 4,
    userId: 3,
    date: '2020-01-01T00:00:00.000Z',
    products: [ [Object] ],
    __v: 0
  },
  {
    id: 5,
    userId: 3,
    date: '2020-03-01T00:00:00.000Z',
    products: [ [Object], [Object] ],
    __v: 0
  },
  {
    id: 6,
    userId: 4,
    date: '2020-03-01T00:00:00.000Z',
    products: [ [Object], [Object] ],
    __v: 0
  },
  {
    id: 7,
    userId: 8,
    date: '2020-03-01T00:00:00.000Z',
    products: [ [Object] ],
    __v: 0
  }
]
]]>
</system-out>
</testcase>
</testsuite>
<testsuite name="APITests\LoginTest\login.test.ts" timestamp="1689762199114" hostname="" tests="6" failures="0" skipped="0" time="4.078" errors="0">
<testcase name="Login with invalid username" classname="APITests\LoginTest\login.test.ts:7:2 › Login with invalid username" time="0.975">
<system-out>
<![CDATA[username or password is incorrect
]]>
</system-out>
</testcase>
<testcase name="Login with invalid password" classname="APITests\LoginTest\login.test.ts:33:2 › Login with invalid password" time="0.974">
<system-out>
<![CDATA[username or password is incorrect
]]>
</system-out>
</testcase>
<testcase name="Login without giving username" classname="APITests\LoginTest\login.test.ts:52:2 › Login without giving username" time="0.538">
<system-out>
<![CDATA[username and password are not provided in JSON format
]]>
</system-out>
</testcase>
<testcase name="Login without giving password" classname="APITests\LoginTest\login.test.ts:79:2 › Login without giving password" time="0.37">
<system-out>
<![CDATA[username and password are not provided in JSON format
]]>
</system-out>
</testcase>
<testcase name="Login without giving username and password" classname="APITests\LoginTest\login.test.ts:106:2 › Login without giving username and password" time="0.613">
<system-out>
<![CDATA[username and password are not provided in JSON format
]]>
</system-out>
</testcase>
<testcase name="Login with valid credentials" classname="APITests\LoginTest\login.test.ts:139:2 › Login with valid credentials" time="0.608">
<system-out>
<![CDATA[eyJhbGciOiJIUzI1NiIsInR5cCI6IkpXVCJ9.eyJzdWIiOjIsInVzZXIiOiJtb3JfMjMxNCIsImlhdCI6MTY4OTc2MjIwNn0.GkciZgzYX-_PyOMmWEftLJWa0l7v3Z5nKMGncgMa72M
]]>
</system-out>
</testcase>
</testsuite>
<testsuite name="APITests\ProductsTest\product.test.ts" timestamp="1689762199114" hostname="" tests="8" failures="0" skipped="0" time="5.838" errors="0">
<testcase name="Add a new product" classname="APITests\ProductsTest\product.test.ts:8:1 › Add a new product" time="0.53">
</testcase>
<testcase name="Update a product" classname="APITests\ProductsTest\product.test.ts:36:4 › Update a product" time="0.79">
</testcase>
<testcase name="Delete a product" classname="APITests\ProductsTest\product.test.ts:63:4 › Delete a product" time="0.989">
</testcase>
<testcase name="Get a single product" classname="APITests\ProductsTest\product.test.ts:83:4 › Get a single product" time="0.743">
<system-out>
<![CDATA[{
  id: 1,
  title: 'Fjallraven - Foldsack No. 1 Backpack, Fits 15 Laptops',
  price: 109.95,
  description: 'Your perfect pack for everyday use and walks in the forest. Stash your laptop (up to 15 inches) in the padded sleeve, your everyday',
  category: "men's clothing",
  image: 'https://fakestoreapi.com/img/81fPKd-2AYL._AC_SL1500_.jpg',
  rating: { rate: 3.9, count: 120 }
}
[
  'id',
  'title',
  'price',
  'description',
  'category',
  'image',
  'rating'
]
]]>
</system-out>
</testcase>
<testcase name="Get all produtcs" classname="APITests\ProductsTest\product.test.ts:112:2 › Get all produtcs" time="0.805">
<system-out>
<![CDATA[[
  'id',
  'title',
  'price',
  'description',
  'category',
  'image',
  'rating'
]
]]>
</system-out>
</testcase>
<testcase name="Limit results" classname="APITests\ProductsTest\product.test.ts:135:2 › Limit results" time="0.55">
<system-out>
<![CDATA[[
  {
    id: 1,
    title: 'Fjallraven - Foldsack No. 1 Backpack, Fits 15 Laptops',
    price: 109.95,
    description: 'Your perfect pack for everyday use and walks in the forest. Stash your laptop (up to 15 inches) in the padded sleeve, your everyday',
    category: "men's clothing",
    image: 'https://fakestoreapi.com/img/81fPKd-2AYL._AC_SL1500_.jpg',
    rating: { rate: 3.9, count: 120 }
  },
  {
    id: 2,
    title: 'Mens Casual Premium Slim Fit T-Shirts ',
    price: 22.3,
    description: 'Slim-fitting style, contrast raglan long sleeve, three-button henley placket, light weight & soft fabric for breathable and comfortable wearing. And Solid stitched shirts with round neck made for durability and a great fit for casual fashion wear and diehard baseball fans. The Henley style round neckline includes a three-button placket.',
    category: "men's clothing",
    image: 'https://fakestoreapi.com/img/71-3HjGNDUL._AC_SY879._SX._UX._SY._UY_.jpg',
    rating: { rate: 4.1, count: 259 }
  },
  {
    id: 3,
    title: 'Mens Cotton Jacket',
    price: 55.99,
    description: 'great outerwear jackets for Spring/Autumn/Winter, suitable for many occasions, such as working, hiking, camping, mountain/rock climbing, cycling, traveling or other outdoors. Good gift choice for you or your family member. A warm hearted love to Father, husband or son in this thanksgiving or Christmas Day.',
    category: "men's clothing",
    image: 'https://fakestoreapi.com/img/71li-ujtlUL._AC_UX679_.jpg',
    rating: { rate: 4.7, count: 500 }
  },
  {
    id: 4,
    title: 'Mens Casual Slim Fit',
    price: 15.99,
    description: 'The color could be slightly different between on the screen and in practice. / Please note that body builds vary by person, therefore, detailed size information should be reviewed below on the product description.',
    category: "men's clothing",
    image: 'https://fakestoreapi.com/img/71YXzeOuslL._AC_UY879_.jpg',
    rating: { rate: 2.1, count: 430 }
  },
  {
    id: 5,
    title: "John Hardy Women's Legends Naga Gold & Silver Dragon Station Chain Bracelet",
    price: 695,
    description: "From our Legends Collection, the Naga was inspired by the mythical water dragon that protects the ocean's pearl. Wear facing inward to be bestowed with love and abundance, or outward for protection.",
    category: 'jewelery',
    image: 'https://fakestoreapi.com/img/71pWzhdJNwL._AC_UL640_QL65_ML3_.jpg',
    rating: { rate: 4.6, count: 400 }
  }
]
]]>
</system-out>
</testcase>
<testcase name="Get sort results" classname="APITests\ProductsTest\product.test.ts:154:4 › Get sort results" time="0.84">
<system-out>
<![CDATA[[
  {
    id: 20,
    title: 'DANVOUY Womens T Shirt Casual Cotton Short',
    price: 12.99,
    description: '95%Cotton,5%Spandex, Features: Casual, Short Sleeve, Letter Print,V-Neck,Fashion Tees, The fabric is soft and has some stretch., Occasion: Casual/Office/Beach/School/Home/Street. Season: Spring,Summer,Autumn,Winter.',
    category: "women's clothing",
    image: 'https://fakestoreapi.com/img/61pHAEJ4NML._AC_UX679_.jpg',
    rating: { rate: 3.6, count: 145 }
  },
  {
    id: 19,
    title: "Opna Women's Short Sleeve Moisture",
    price: 7.95,
    description: '100% Polyester, Machine wash, 100% cationic polyester interlock, Machine Wash & Pre Shrunk for a Great Fit, Lightweight, roomy and highly breathable with moisture wicking fabric which helps to keep moisture away, Soft Lightweight Fabric with comfortable V-neck collar and a slimmer fit, delivers a sleek, more feminine silhouette and Added Comfort',
    category: "women's clothing",
    image: 'https://fakestoreapi.com/img/51eg55uWmdL._AC_UX679_.jpg',
    rating: { rate: 4.5, count: 146 }
  },
  {
    id: 18,
    title: "MBJ Women's Solid Short Sleeve Boat Neck V ",
    price: 9.85,
    description: '95% RAYON 5% SPANDEX, Made in USA or Imported, Do Not Bleach, Lightweight fabric with great stretch for comfort, Ribbed on sleeves and neckline / Double stitching on bottom hem',
    category: "women's clothing",
    image: 'https://fakestoreapi.com/img/71z3kpMAYsL._AC_UY879_.jpg',
    rating: { rate: 4.7, count: 130 }
  },
  {
    id: 17,
    title: 'Rain Jacket Women Windbreaker Striped Climbing Raincoats',
    price: 39.99,
    description: "Lightweight perfet for trip or casual wear---Long sleeve with hooded, adjustable drawstring waist design. Button and zipper front closure raincoat, fully stripes Lined and The Raincoat has 2 side pockets are a good size to hold all kinds of things, it covers the hips, and the hood is generous but doesn't overdo it.Attached Cotton Lined Hood with Adjustable Drawstrings give it a real styled look.",
    category: "women's clothing",
    image: 'https://fakestoreapi.com/img/71HblAHs5xL._AC_UY879_-2.jpg',
    rating: { rate: 3.8, count: 679 }
  },
  {
    id: 16,
    title: "Lock and Love Women's Removable Hooded Faux Leather Moto Biker Jacket",
    price: 29.95,
    description: '100% POLYURETHANE(shell) 100% POLYESTER(lining) 75% POLYESTER 25% COTTON (SWEATER), Faux leather material for style and comfort / 2 pockets of front, 2-For-One Hooded denim style faux leather jacket, Button detail on waist / Detail stitching at sides, HAND WASH ONLY / DO NOT BLEACH / LINE DRY / DO NOT IRON',
    category: "women's clothing",
    image: 'https://fakestoreapi.com/img/81XH0e8fefL._AC_UY879_.jpg',
    rating: { rate: 2.9, count: 340 }
  },
  {
    id: 15,
    title: "BIYLACLESEN Women's 3-in-1 Snowboard Jacket Winter Coats",
    price: 56.99,
    description: 'Note:The Jackets is US standard size, Please choose size as your usual wear Material: 100% Polyester; Detachable Liner Fabric: Warm Fleece. Detachable Functional Liner: Skin Friendly, Lightweigt and Warm.Stand Collar Liner jacket, keep you warm in cold weather. Zippered Pockets: 2 Zippered Hand Pockets, 2 Zippered Pockets on Chest (enough to keep cards or keys)and 1 Hidden Pocket Inside.Zippered Hand Pockets and Hidden Pocket keep your things secure. Humanized Design: Adjustable and Detachable Hood and Adjustable cuff to prevent the wind and water,for a comfortable fit. 3 in 1 Detachable Design provide more convenience, you can separate the coat and inner as needed, or wear it together. It is suitable for different season and help you adapt to different climates',
    category: "women's clothing",
    image: 'https://fakestoreapi.com/img/51Y5NI-I5jL._AC_UX679_.jpg',
    rating: { rate: 2.6, count: 235 }
  },
  {
    id: 14,
    title: 'Samsung 49-Inch CHG90 144Hz Curved Gaming Monitor (LC49HG90DMNXZA) – Super Ultrawide Screen QLED ',
    price: 999.99,
    description: '49 INCH SUPER ULTRAWIDE 32:9 CURVED GAMING MONITOR with dual 27 inch screen side by side QUANTUM DOT (QLED) TECHNOLOGY, HDR support and factory calibration provides stunningly realistic and accurate color and contrast 144HZ HIGH REFRESH RATE and 1ms ultra fast response time work to eliminate motion blur, ghosting, and reduce input lag',
    category: 'electronics',
    image: 'https://fakestoreapi.com/img/81Zt42ioCgL._AC_SX679_.jpg',
    rating: { rate: 2.2, count: 140 }
  },
  {
    id: 13,
    title: 'Acer SB220Q bi 21.5 inches Full HD (1920 x 1080) IPS Ultra-Thin',
    price: 599,
    description: '21. 5 inches Full HD (1920 x 1080) widescreen IPS display And Radeon free Sync technology. No compatibility for VESA Mount Refresh Rate: 75Hz - Using HDMI port Zero-frame design | ultra-thin | 4ms response time | IPS panel Aspect ratio - 16: 9. Color Supported - 16. 7 million colors. Brightness - 250 nit Tilt angle -5 degree to 15 degree. Horizontal viewing angle-178 degree. Vertical viewing angle-178 degree 75 hertz',
    category: 'electronics',
    image: 'https://fakestoreapi.com/img/81QpkIctqPL._AC_SX679_.jpg',
    rating: { rate: 2.9, count: 250 }
  },
  {
    id: 12,
    title: 'WD 4TB Gaming Drive Works with Playstation 4 Portable External Hard Drive',
    price: 114,
    description: "Expand your PS4 gaming experience, Play anywhere Fast and easy, setup Sleek design with high capacity, 3-year manufacturer's limited warranty",
    category: 'electronics',
    image: 'https://fakestoreapi.com/img/61mtL65D4cL._AC_SX679_.jpg',
    rating: { rate: 4.8, count: 400 }
  },
  {
    id: 11,
    title: 'Silicon Power 256GB SSD 3D NAND A55 SLC Cache Performance Boost SATA III 2.5',
    price: 109,
    description: '3D NAND flash are applied to deliver high transfer speeds Remarkable transfer speeds that enable faster bootup and improved overall system performance. The advanced SLC Cache Technology allows performance boost and longer lifespan 7mm slim design suitable for Ultrabooks and Ultra-slim notebooks. Supports TRIM command, Garbage Collection technology, RAID, and ECC (Error Checking & Correction) to provide the optimized performance and enhanced reliability.',
    category: 'electronics',
    image: 'https://fakestoreapi.com/img/71kWymZ+c+L._AC_SX679_.jpg',
    rating: { rate: 4.8, count: 319 }
  },
  {
    id: 10,
    title: 'SanDisk SSD PLUS 1TB Internal SSD - SATA III 6 Gb/s',
    price: 109,
    description: 'Easy upgrade for faster boot up, shutdown, application load and response (As compared to 5400 RPM SATA 2.5” hard drive; Based on published specifications and internal benchmarking tests using PCMark vantage scores) Boosts burst write performance, making it ideal for typical PC workloads The perfect balance of performance and reliability Read/write speeds of up to 535MB/s/450MB/s (Based on internal testing; Performance may vary depending upon drive capacity, host device, OS and application.)',
    category: 'electronics',
    image: 'https://fakestoreapi.com/img/61U7T1koQqL._AC_SX679_.jpg',
    rating: { rate: 2.9, count: 470 }
  },
  {
    id: 9,
    title: 'WD 2TB Elements Portable External Hard Drive - USB 3.0 ',
    price: 64,
    description: 'USB 3.0 and USB 2.0 Compatibility Fast data transfers Improve PC Performance High Capacity; Compatibility Formatted NTFS for Windows 10, Windows 8.1, Windows 7; Reformatting may be required for other operating systems; Compatibility may vary depending on user’s hardware configuration and operating system',
    category: 'electronics',
    image: 'https://fakestoreapi.com/img/61IBBVJvSDL._AC_SY879_.jpg',
    rating: { rate: 3.3, count: 203 }
  },
  {
    id: 8,
    title: 'Pierced Owl Rose Gold Plated Stainless Steel Double',
    price: 10.99,
    description: 'Rose Gold Plated Double Flared Tunnel Plug Earrings. Made of 316L Stainless Steel',
    category: 'jewelery',
    image: 'https://fakestoreapi.com/img/51UDEzMJVpL._AC_UL640_QL65_ML3_.jpg',
    rating: { rate: 1.9, count: 100 }
  },
  {
    id: 7,
    title: 'White Gold Plated Princess',
    price: 9.99,
    description: "Classic Created Wedding Engagement Solitaire Diamond Promise Ring for Her. Gifts to spoil your love more for Engagement, Wedding, Anniversary, Valentine's Day...",
    category: 'jewelery',
    image: 'https://fakestoreapi.com/img/71YAIFU48IL._AC_UL640_QL65_ML3_.jpg',
    rating: { rate: 3, count: 400 }
  },
  {
    id: 6,
    title: 'Solid Gold Petite Micropave ',
    price: 168,
    description: 'Satisfaction Guaranteed. Return or exchange any order within 30 days.Designed and sold by Hafeez Center in the United States. Satisfaction Guaranteed. Return or exchange any order within 30 days.',
    category: 'jewelery',
    image: 'https://fakestoreapi.com/img/61sbMiUnoGL._AC_UL640_QL65_ML3_.jpg',
    rating: { rate: 3.9, count: 70 }
  },
  {
    id: 5,
    title: "John Hardy Women's Legends Naga Gold & Silver Dragon Station Chain Bracelet",
    price: 695,
    description: "From our Legends Collection, the Naga was inspired by the mythical water dragon that protects the ocean's pearl. Wear facing inward to be bestowed with love and abundance, or outward for protection.",
    category: 'jewelery',
    image: 'https://fakestoreapi.com/img/71pWzhdJNwL._AC_UL640_QL65_ML3_.jpg',
    rating: { rate: 4.6, count: 400 }
  },
  {
    id: 4,
    title: 'Mens Casual Slim Fit',
    price: 15.99,
    description: 'The color could be slightly different between on the screen and in practice. / Please note that body builds vary by person, therefore, detailed size information should be reviewed below on the product description.',
    category: "men's clothing",
    image: 'https://fakestoreapi.com/img/71YXzeOuslL._AC_UY879_.jpg',
    rating: { rate: 2.1, count: 430 }
  },
  {
    id: 3,
    title: 'Mens Cotton Jacket',
    price: 55.99,
    description: 'great outerwear jackets for Spring/Autumn/Winter, suitable for many occasions, such as working, hiking, camping, mountain/rock climbing, cycling, traveling or other outdoors. Good gift choice for you or your family member. A warm hearted love to Father, husband or son in this thanksgiving or Christmas Day.',
    category: "men's clothing",
    image: 'https://fakestoreapi.com/img/71li-ujtlUL._AC_UX679_.jpg',
    rating: { rate: 4.7, count: 500 }
  },
  {
    id: 2,
    title: 'Mens Casual Premium Slim Fit T-Shirts ',
    price: 22.3,
    description: 'Slim-fitting style, contrast raglan long sleeve, three-button henley placket, light weight & soft fabric for breathable and comfortable wearing. And Solid stitched shirts with round neck made for durability and a great fit for casual fashion wear and diehard baseball fans. The Henley style round neckline includes a three-button placket.',
    category: "men's clothing",
    image: 'https://fakestoreapi.com/img/71-3HjGNDUL._AC_SY879._SX._UX._SY._UY_.jpg',
    rating: { rate: 4.1, count: 259 }
  },
  {
    id: 1,
    title: 'Fjallraven - Foldsack No. 1 Backpack, Fits 15 Laptops',
    price: 109.95,
    description: 'Your perfect pack for everyday use and walks in the forest. Stash your laptop (up to 15 inches) in the padded sleeve, your everyday',
    category: "men's clothing",
    image: 'https://fakestoreapi.com/img/81fPKd-2AYL._AC_SL1500_.jpg',
    rating: { rate: 3.9, count: 120 }
  }
]
]]>
</system-out>
</testcase>
<testcase name="Get products in a specific category" classname="APITests\ProductsTest\product.test.ts:184:2 › Get products in a specific category" time="0.591">
</testcase>
</testsuite>
<testsuite name="APITests\RegisterTest\register.test.ts" timestamp="1689762199114" hostname="" tests="8" failures="0" skipped="0" time="6.989" errors="0">
<testcase name="Add a new user by giving proper information" classname="APITests\RegisterTest\register.test.ts:6:2 › Add a new user by giving proper information" time="1.051">
</testcase>
<testcase name="Update user information by updating fields" classname="APITests\RegisterTest\register.test.ts:46:2 › Update user information by updating fields" time="0.797">
</testcase>
<testcase name="Deleting a user" classname="APITests\RegisterTest\register.test.ts:105:2 › Deleting a user" time="0.698">
<system-out>
<![CDATA[{
  address: {
    geolocation: { lat: '20.1677', long: '-10.6789' },
    city: 'el paso',
    street: 'prospect st',
    number: 124,
    zipcode: '12346-0456'
  },
  id: 6,
  email: 'david_r@gmail.com',
  username: 'david_r',
  password: '3478*#54',
  name: { firstname: 'david', lastname: 'russell' },
  phone: '1-678-345-9856',
  __v: 0
}
]]>
</system-out>
</testcase>
<testcase name="Delete a user if the user is not in the list" classname="APITests\RegisterTest\register.test.ts:117:2 › Delete a user if the user is not in the list" time="0.927">
</testcase>
<testcase name="Get All Users" classname="APITests\RegisterTest\register.test.ts:132:4 › Get All Users" time="0.959">
<system-out>
<![CDATA[[
  {
    address: {
      geolocation: [Object],
      city: 'kilcoole',
      street: 'new road',
      number: 7682,
      zipcode: '12926-3874'
    },
    id: 1,
    email: 'john@gmail.com',
    username: 'johnd',
    password: 'm38rmF$',
    name: { firstname: 'john', lastname: 'doe' },
    phone: '1-570-236-7033',
    __v: 0
  },
  {
    address: {
      geolocation: [Object],
      city: 'kilcoole',
      street: 'Lovers Ln',
      number: 7267,
      zipcode: '12926-3874'
    },
    id: 2,
    email: 'morrison@gmail.com',
    username: 'mor_2314',
    password: '83r5^_',
    name: { firstname: 'david', lastname: 'morrison' },
    phone: '1-570-236-7033',
    __v: 0
  },
  {
    address: {
      geolocation: [Object],
      city: 'Cullman',
      street: 'Frances Ct',
      number: 86,
      zipcode: '29567-1452'
    },
    id: 3,
    email: 'kevin@gmail.com',
    username: 'kevinryan',
    password: 'kev02937@',
    name: { firstname: 'kevin', lastname: 'ryan' },
    phone: '1-567-094-1345',
    __v: 0
  },
  {
    address: {
      geolocation: [Object],
      city: 'San Antonio',
      street: 'Hunters Creek Dr',
      number: 6454,
      zipcode: '98234-1734'
    },
    id: 4,
    email: 'don@gmail.com',
    username: 'donero',
    password: 'ewedon',
    name: { firstname: 'don', lastname: 'romer' },
    phone: '1-765-789-6734',
    __v: 0
  },
  {
    address: {
      geolocation: [Object],
      city: 'san Antonio',
      street: 'adams St',
      number: 245,
      zipcode: '80796-1234'
    },
    id: 5,
    email: 'derek@gmail.com',
    username: 'derek',
    password: 'jklg*_56',
    name: { firstname: 'derek', lastname: 'powell' },
    phone: '1-956-001-1945',
    __v: 0
  },
  {
    address: {
      geolocation: [Object],
      city: 'el paso',
      street: 'prospect st',
      number: 124,
      zipcode: '12346-0456'
    },
    id: 6,
    email: 'david_r@gmail.com',
    username: 'david_r',
    password: '3478*#54',
    name: { firstname: 'david', lastname: 'russell' },
    phone: '1-678-345-9856',
    __v: 0
  },
  {
    address: {
      geolocation: [Object],
      city: 'fresno',
      street: 'saddle st',
      number: 1342,
      zipcode: '96378-0245'
    },
    id: 7,
    email: 'miriam@gmail.com',
    username: 'snyder',
    password: 'f238&@*$',
    name: { firstname: 'miriam', lastname: 'snyder' },
    phone: '1-123-943-0563',
    __v: 0
  },
  {
    address: {
      geolocation: [Object],
      city: 'mesa',
      street: 'vally view ln',
      number: 1342,
      zipcode: '96378-0245'
    },
    id: 8,
    email: 'william@gmail.com',
    username: 'hopkins',
    password: 'William56$hj',
    name: { firstname: 'william', lastname: 'hopkins' },
    phone: '1-478-001-0890',
    __v: 0
  },
  {
    address: {
      geolocation: [Object],
      city: 'miami',
      street: 'avondale ave',
      number: 345,
      zipcode: '96378-0245'
    },
    id: 9,
    email: 'kate@gmail.com',
    username: 'kate_h',
    password: 'kfejk@*_',
    name: { firstname: 'kate', lastname: 'hale' },
    phone: '1-678-456-1934',
    __v: 0
  },
  {
    address: {
      geolocation: [Object],
      city: 'fort wayne',
      street: 'oak lawn ave',
      number: 526,
      zipcode: '10256-4532'
    },
    id: 10,
    email: 'jimmie@gmail.com',
    username: 'jimmie_k',
    password: 'klein*#%*',
    name: { firstname: 'jimmie', lastname: 'klein' },
    phone: '1-104-001-4567',
    __v: 0
  }
]
]]>
</system-out>
</testcase>
<testcase name="Get a single user" classname="APITests\RegisterTest\register.test.ts:146:4 › Get a single user" time="0.97">
<system-out>
<![CDATA[null
]]>
</system-out>
</testcase>
<testcase name="Get a sort results" classname="APITests\RegisterTest\register.test.ts:159:4 › Get a sort results" time="0.989">
<system-out>
<![CDATA[80
]]>
</system-out>
</testcase>
<testcase name="Get Limit Results" classname="APITests\RegisterTest\register.test.ts:181:4 › Get Limit Results" time="0.598">
</testcase>
</testsuite>
</testsuites>